// Jest Snapshot v1, https://goo.gl/fbAQLP

exports[`header is exposed on public API 1`] = `undefined`;
